_basskitten-video-6869822029915376901_base64.txt and _basskitten-video-6869822029915376901_base64.txt score: 94.43256378
_basskitten-video-6869822029915376901_base64 and _basskitten-video-6869822029915376901_base64 score: 94.43256378
_basskitten-video-6869822029915376901_base64	_basskitten-video-6869822029915376901_base64	94.43256378
